Test Report

Branch: feature/multi-data-type-tools

Status: No tests found.

Details: The project is configured to use pytest, but the 'tests' directory is empty. Therefore, no tests could be executed.
